// Jest Snapshot v1, https://goo.gl/fbAQLP

exports[`namespace declaration Example 0 1`] = `
Object {
  "data": Object {
    "declarations": Array [
      Object {
        "data": Object {
          "block": Array [
            Object {
              "data": Object {
                "id": "0",
              },
              "type": "placeholder",
            },
          ],
          "genericParameters": Array [
            Object {
              "data": Object {
                "id": "0",
              },
              "type": "placeholder",
            },
          ],
          "id": "0",
          "name": Object {
            "id": "0",
            "name": "or",
          },
          "parameters": Array [
            Object {
              "data": Object {
                "annotation": Object {
                  "data": Object {
                    "genericArguments": Array [],
                    "id": "0",
                    "identifier": Object {
                      "id": "0",
                      "isPlaceholder": false,
                      "string": "Boolean",
                    },
                  },
                  "type": "typeIdentifier",
                },
                "defaultValue": Object {
                  "data": Object {
                    "id": "0",
                  },
                  "type": "none",
                },
                "id": "0",
                "localName": Object {
                  "id": "0",
                  "name": "a",
                },
              },
              "type": "parameter",
            },
            Object {
              "data": Object {
                "annotation": Object {
                  "data": Object {
                    "genericArguments": Array [],
                    "id": "0",
                    "identifier": Object {
                      "id": "0",
                      "isPlaceholder": false,
                      "string": "Boolean",
                    },
                  },
                  "type": "typeIdentifier",
                },
                "defaultValue": Object {
                  "data": Object {
                    "id": "0",
                  },
                  "type": "none",
                },
                "id": "0",
                "localName": Object {
                  "id": "0",
                  "name": "b",
                },
              },
              "type": "parameter",
            },
            Object {
              "data": Object {
                "id": "0",
              },
              "type": "placeholder",
            },
          ],
          "returnType": Object {
            "data": Object {
              "genericArguments": Array [],
              "id": "0",
              "identifier": Object {
                "id": "0",
                "isPlaceholder": false,
                "string": "Boolean",
              },
            },
            "type": "typeIdentifier",
          },
        },
        "type": "function",
      },
      Object {
        "data": Object {
          "block": Array [
            Object {
              "data": Object {
                "id": "0",
              },
              "type": "placeholder",
            },
          ],
          "genericParameters": Array [
            Object {
              "data": Object {
                "id": "0",
              },
              "type": "placeholder",
            },
          ],
          "id": "0",
          "name": Object {
            "id": "0",
            "name": "and",
          },
          "parameters": Array [
            Object {
              "data": Object {
                "annotation": Object {
                  "data": Object {
                    "genericArguments": Array [],
                    "id": "0",
                    "identifier": Object {
                      "id": "0",
                      "isPlaceholder": false,
                      "string": "Boolean",
                    },
                  },
                  "type": "typeIdentifier",
                },
                "defaultValue": Object {
                  "data": Object {
                    "id": "0",
                  },
                  "type": "none",
                },
                "id": "0",
                "localName": Object {
                  "id": "0",
                  "name": "a",
                },
              },
              "type": "parameter",
            },
            Object {
              "data": Object {
                "annotation": Object {
                  "data": Object {
                    "genericArguments": Array [],
                    "id": "0",
                    "identifier": Object {
                      "id": "0",
                      "isPlaceholder": false,
                      "string": "Boolean",
                    },
                  },
                  "type": "typeIdentifier",
                },
                "defaultValue": Object {
                  "data": Object {
                    "id": "0",
                  },
                  "type": "none",
                },
                "id": "0",
                "localName": Object {
                  "id": "0",
                  "name": "b",
                },
              },
              "type": "parameter",
            },
            Object {
              "data": Object {
                "id": "0",
              },
              "type": "placeholder",
            },
          ],
          "returnType": Object {
            "data": Object {
              "genericArguments": Array [],
              "id": "0",
              "identifier": Object {
                "id": "0",
                "isPlaceholder": false,
                "string": "Boolean",
              },
            },
            "type": "typeIdentifier",
          },
        },
        "type": "function",
      },
      Object {
        "data": Object {
          "id": "0",
        },
        "type": "placeholder",
      },
    ],
    "id": "0",
    "name": Object {
      "id": "0",
      "name": "Boolean",
    },
  },
  "type": "namespace",
}
`;
