// Jest Snapshot v1, https://goo.gl/fbAQLP

exports[`record declaration Example 0 1`] = `
Object {
  "data": Object {
    "declarations": Array [
      Object {
        "data": Object {
          "annotation": Object {
            "data": Object {
              "genericArguments": Array [],
              "id": "0",
              "identifier": Object {
                "id": "0",
                "isPlaceholder": false,
                "string": "Color",
              },
            },
            "type": "typeIdentifier",
          },
          "id": "0",
          "initializer": Object {
            "data": Object {
              "id": "0",
              "literal": Object {
                "data": Object {
                  "id": "0",
                  "value": "white",
                },
                "type": "color",
              },
            },
            "type": "literalExpression",
          },
          "name": Object {
            "id": "0",
            "name": "light",
          },
        },
        "type": "variable",
      },
      Object {
        "data": Object {
          "annotation": Object {
            "data": Object {
              "genericArguments": Array [],
              "id": "0",
              "identifier": Object {
                "id": "0",
                "isPlaceholder": false,
                "string": "Color",
              },
            },
            "type": "typeIdentifier",
          },
          "id": "0",
          "initializer": Object {
            "data": Object {
              "id": "0",
              "literal": Object {
                "data": Object {
                  "id": "0",
                  "value": "black",
                },
                "type": "color",
              },
            },
            "type": "literalExpression",
          },
          "name": Object {
            "id": "0",
            "name": "dark",
          },
        },
        "type": "variable",
      },
      Object {
        "data": Object {
          "id": "0",
        },
        "type": "placeholder",
      },
    ],
    "genericParameters": Array [
      Object {
        "data": Object {
          "id": "0",
        },
        "type": "placeholder",
      },
    ],
    "id": "0",
    "name": Object {
      "id": "0",
      "name": "ThemedColor",
    },
  },
  "type": "record",
}
`;
