// Jest Snapshot v1, https://goo.gl/fbAQLP

exports[`variable declaration Example 0 1`] = `
Object {
  "data": Object {
    "annotation": Object {
      "data": Object {
        "genericArguments": Array [
          Object {
            "data": Object {
              "genericArguments": Array [],
              "id": "0",
              "identifier": Object {
                "id": "0",
                "isPlaceholder": false,
                "string": "Number",
              },
            },
            "type": "typeIdentifier",
          },
        ],
        "id": "0",
        "identifier": Object {
          "id": "0",
          "isPlaceholder": false,
          "string": "Array",
        },
      },
      "type": "typeIdentifier",
    },
    "id": "0",
    "initializer": Object {
      "data": Object {
        "id": "0",
        "literal": Object {
          "data": Object {
            "id": "0",
            "value": Array [
              Object {
                "data": Object {
                  "id": "0",
                  "literal": Object {
                    "data": Object {
                      "id": "0",
                      "value": 42,
                    },
                    "type": "number",
                  },
                },
                "type": "literalExpression",
              },
              Object {
                "data": Object {
                  "id": "0",
                },
                "type": "placeholder",
              },
            ],
          },
          "type": "array",
        },
      },
      "type": "literalExpression",
    },
    "name": Object {
      "id": "0",
      "name": "x",
    },
  },
  "type": "variable",
}
`;
