// Jest Snapshot v1, https://goo.gl/fbAQLP

exports[`declaration statement Example 1 1`] = `
Object {
  "data": Object {
    "content": Object {
      "data": Object {
        "annotation": Object {
          "data": Object {
            "genericArguments": Array [],
            "id": "0",
            "identifier": Object {
              "id": "0",
              "isPlaceholder": false,
              "string": "Number",
            },
          },
          "type": "typeIdentifier",
        },
        "attributes": Array [],
        "id": "0",
        "initializer": Object {
          "data": Object {
            "id": "0",
            "literal": Object {
              "data": Object {
                "id": "0",
                "value": 10,
              },
              "type": "number",
            },
          },
          "type": "literalExpression",
        },
        "name": Object {
          "id": "0",
          "name": "x",
        },
      },
      "type": "variable",
    },
    "id": "0",
  },
  "type": "declaration",
}
`;
